[dotenv@17.3.1] injecting env (14) from .env.local -- tip: 🛠️  run anywhere with `dotenvx run -- yourcommand`

Running 7 tests using 1 worker

[dotenv@17.3.1] injecting env (0) from .env.local -- tip: 🛡️ auth for agents: https://vestauth.com
  ✓ Homepage OK at https://www.microstay.us
  ok 1 [chromium] › tests\e2e\99-live-prod-smoke.spec.ts:24:7 › LIVE Production smoke tests › Homepage loads + hero + search UI visible (6.9s)
  ✓ Search page rendered. Visible motel cards: 0
  ok 2 [chromium] › tests\e2e\99-live-prod-smoke.spec.ts:34:7 › LIVE Production smoke tests › Search page returns results from live Supabase (3.7s)
  - No motels in CA/Norwalk on this date — skipping detail test
  ok 3 [chromium] › tests\e2e\99-live-prod-smoke.spec.ts:46:7 › LIVE Production smoke tests › Motel detail page loads for a real seeded motel (3.4s)
  ✓ Filled signup form with email: test+launch-1775949460851@microstay.us
  URL after submit: https://www.microstay.us/partner-signup
  Page contains "verification": true
  Page contains "error": false
  Body preview: MicroStay | HOURLY BOOKINGS | Book Now | Partner With Us | My Bookings | Dashboard | Sign Out | MicroStay | Partner Application | Create Account | Property Info | Review Agreement | Sign | Confirmation | Property Information |  | This becomes Exhibit A of your Partner Agreement. Fields marked * are required. |  | Legal Business Name* | 
  ok 4 [chromium] › tests\e2e\99-live-prod-smoke.spec.ts:69:7 › LIVE Production smoke tests › Partner signup page: Step 1 account creation form submits (7.7s)
  ✓ Forgot password link visible on /vendor/login
  ok 5 [chromium] › tests\e2e\99-live-prod-smoke.spec.ts:99:7 › LIVE Production smoke tests › Vendor login page: forgot-password link exists (3.3s)
  ✓ Admin login form visible
  ok 6 [chromium] › tests\e2e\99-live-prod-smoke.spec.ts:109:7 › LIVE Production smoke tests › Admin login page loads with password field (2.7s)
  ✓ Check-booking page loaded with 2 input(s)
  ok 7 [chromium] › tests\e2e\99-live-prod-smoke.spec.ts:118:7 › LIVE Production smoke tests › Check-booking page accepts input (2.7s)

  7 passed (36.2s)
